ROOT/tests/ui/typeck/issue_128_library_mapping.sol:TestLibrary requires 0 storage
