ROOT/tests/ui/abi/basic.sol:C requires 0 storage
ROOT/tests/ui/abi/basic.sol:D requires 0 storage
