ROOT/tests/ui/abi/getters.sol:C requires 26 storage
