ROOT/tests/ui/abi/mapping_getters.sol:C requires 3 storage
