ROOT/tests/ui/parser/custom_error.sol:C requires 0 storage
ROOT/tests/ui/parser/custom_error.sol:D requires 1 storage
