ROOT/tests/ui/parser/dollar_identifiers.sol:DollarIdentifiers requires 2 storage
