warning: contract has a payable fallback function, but no receive ether function
  --> ROOT/tests/ui/parser/payable_fallback_without_receive.sol:LL:CC
   |
LL | contract P1 {
   |          --
   |
   = help: consider adding a `receive() external payable { ... }`

warning: contract has a payable fallback function, but no receive ether function
  --> ROOT/tests/ui/parser/payable_fallback_without_receive.sol:LL:CC
   |
LL | contract P4 is P1 {}
   |          --
   |
   = help: consider adding a `receive() external payable { ... }`

warning: 2 warnings emitted

