ROOT/tests/ui/resolve/getters.sol:C requires 8 storage
