ROOT/tests/ui/resolve/getters_complex.sol:Complex requires 2 storage
