ROOT/tests/ui/resolve/import_twice.sol:C requires 0 storage
ROOT/tests/ui/resolve/import_twice.sol:D requires 0 storage
