ROOT/tests/ui/resolve/import_self.sol:C requires 0 storage
