ROOT/tests/ui/resolve/named_import.sol:C requires 0 storage
