ROOT/tests/ui/resolve/this.sol:C requires 1 storage
ROOT/tests/ui/resolve/this.sol:D requires 1 storage
